[     421ms] [LOG] IFC 查看器已加载，等待上传模型... @ http://localhost:8890/ifc/assets/index-DWhn1ql6.js:4285
[     430ms] [LOG] 检测到 URL 参数 ifcUrl，准备自动加载... @ http://localhost:8890/ifc/assets/index-DWhn1ql6.js:4285
[     430ms] [LOG] 正在从 URL 加载 IFC 模型: /uploads/ifc/1776393486099__________4.13.ifc @ http://localhost:8890/ifc/assets/index-DWhn1ql6.js:4285
[    3233ms] [LOG] IFC 模型加载完成！ @ http://localhost:8890/ifc/assets/index-DWhn1ql6.js:4285
[    6493ms] [LOG] [buildIndex] 从 Python API 获取 1159 个构件编号, 2310 个构件 @ http://localhost:8890/ifc/assets/index-DWhn1ql6.js:4285
[   12700ms] [ERROR] WebSocket connection to 'ws://localhost:8080/' failed: Error in connection establishment: net::ERR_CONNECTION_REFUSED @ http://localhost:8890/ifc/assets/index-DWhn1ql6.js:4264
[   12701ms] [ERROR] WebSocket 错误: Event @ http://localhost:8890/ifc/assets/index-DWhn1ql6.js:4264
[   12701ms] [LOG] WebSocket 连接断开 @ http://localhost:8890/ifc/assets/index-DWhn1ql6.js:4264
[   21515ms] [ERROR] WebSocket connection to 'ws://localhost:8080/' failed: Error in connection establishment: net::ERR_CONNECTION_REFUSED @ http://localhost:8890/ifc/assets/index-DWhn1ql6.js:4264
[   21515ms] [ERROR] WebSocket 错误: Event @ http://localhost:8890/ifc/assets/index-DWhn1ql6.js:4264
[   21515ms] [LOG] WebSocket 连接断开 @ http://localhost:8890/ifc/assets/index-DWhn1ql6.js:4264
[   29666ms] [ERROR] WebSocket connection to 'ws://localhost:8080/' failed: Error in connection establishment: net::ERR_CONNECTION_REFUSED @ http://localhost:8890/ifc/assets/index-DWhn1ql6.js:4264
[   29666ms] [ERROR] WebSocket 错误: Event @ http://localhost:8890/ifc/assets/index-DWhn1ql6.js:4264
[   29666ms] [LOG] WebSocket 连接断开 @ http://localhost:8890/ifc/assets/index-DWhn1ql6.js:4264
[   36312ms] [ERROR] WebSocket connection to 'ws://localhost:8080/' failed: Error in connection establishment: net::ERR_CONNECTION_REFUSED @ http://localhost:8890/ifc/assets/index-DWhn1ql6.js:4264
[   36312ms] [ERROR] WebSocket 错误: Event @ http://localhost:8890/ifc/assets/index-DWhn1ql6.js:4264
[   36312ms] [LOG] WebSocket 连接断开 @ http://localhost:8890/ifc/assets/index-DWhn1ql6.js:4264
[   45706ms] [ERROR] WebSocket connection to 'ws://localhost:8080/' failed: Error in connection establishment: net::ERR_CONNECTION_REFUSED @ http://localhost:8890/ifc/assets/index-DWhn1ql6.js:4264
[   45706ms] [ERROR] WebSocket 错误: Event @ http://localhost:8890/ifc/assets/index-DWhn1ql6.js:4264
[   45706ms] [LOG] WebSocket 连接断开 @ http://localhost:8890/ifc/assets/index-DWhn1ql6.js:4264
[   55223ms] [ERROR] WebSocket connection to 'ws://localhost:8080/' failed: Error in connection establishment: net::ERR_CONNECTION_REFUSED @ http://localhost:8890/ifc/assets/index-DWhn1ql6.js:4264
[   55223ms] [ERROR] WebSocket 错误: Event @ http://localhost:8890/ifc/assets/index-DWhn1ql6.js:4264
[   55223ms] [LOG] WebSocket 连接断开 @ http://localhost:8890/ifc/assets/index-DWhn1ql6.js:4264
[   61665ms] [ERROR] WebSocket connection to 'ws://localhost:8080/' failed: Error in connection establishment: net::ERR_CONNECTION_REFUSED @ http://localhost:8890/ifc/assets/index-DWhn1ql6.js:4264
[   61666ms] [ERROR] WebSocket 错误: Event @ http://localhost:8890/ifc/assets/index-DWhn1ql6.js:4264
[   61666ms] [LOG] WebSocket 连接断开 @ http://localhost:8890/ifc/assets/index-DWhn1ql6.js:4264
[   70080ms] [ERROR] WebSocket connection to 'ws://localhost:8080/' failed: Error in connection establishment: net::ERR_CONNECTION_REFUSED @ http://localhost:8890/ifc/assets/index-DWhn1ql6.js:4264
[   70080ms] [ERROR] WebSocket 错误: Event @ http://localhost:8890/ifc/assets/index-DWhn1ql6.js:4264
[   70080ms] [LOG] WebSocket 连接断开 @ http://localhost:8890/ifc/assets/index-DWhn1ql6.js:4264
[   78563ms] [ERROR] WebSocket connection to 'ws://localhost:8080/' failed: Error in connection establishment: net::ERR_CONNECTION_REFUSED @ http://localhost:8890/ifc/assets/index-DWhn1ql6.js:4264
[   78563ms] [ERROR] WebSocket 错误: Event @ http://localhost:8890/ifc/assets/index-DWhn1ql6.js:4264
[   78563ms] [LOG] WebSocket 连接断开 @ http://localhost:8890/ifc/assets/index-DWhn1ql6.js:4264
[   87933ms] [ERROR] WebSocket connection to 'ws://localhost:8080/' failed: Error in connection establishment: net::ERR_CONNECTION_REFUSED @ http://localhost:8890/ifc/assets/index-DWhn1ql6.js:4264
[   87934ms] [ERROR] WebSocket 错误: Event @ http://localhost:8890/ifc/assets/index-DWhn1ql6.js:4264
[   87934ms] [LOG] WebSocket 连接断开 @ http://localhost:8890/ifc/assets/index-DWhn1ql6.js:4264
[   94955ms] [ERROR] WebSocket connection to 'ws://localhost:8080/' failed: Error in connection establishment: net::ERR_CONNECTION_REFUSED @ http://localhost:8890/ifc/assets/index-DWhn1ql6.js:4264
[   94955ms] [ERROR] WebSocket 错误: Event @ http://localhost:8890/ifc/assets/index-DWhn1ql6.js:4264
[   94956ms] [LOG] WebSocket 连接断开 @ http://localhost:8890/ifc/assets/index-DWhn1ql6.js:4264
[  101555ms] [ERROR] WebSocket connection to 'ws://localhost:8080/' failed: Error in connection establishment: net::ERR_CONNECTION_REFUSED @ http://localhost:8890/ifc/assets/index-DWhn1ql6.js:4264
[  101556ms] [ERROR] WebSocket 错误: Event @ http://localhost:8890/ifc/assets/index-DWhn1ql6.js:4264
[  101556ms] [LOG] WebSocket 连接断开 @ http://localhost:8890/ifc/assets/index-DWhn1ql6.js:4264
[  109118ms] [ERROR] WebSocket connection to 'ws://localhost:8080/' failed: Error in connection establishment: net::ERR_CONNECTION_REFUSED @ http://localhost:8890/ifc/assets/index-DWhn1ql6.js:4264
[  109118ms] [ERROR] WebSocket 错误: Event @ http://localhost:8890/ifc/assets/index-DWhn1ql6.js:4264
[  109118ms] [LOG] WebSocket 连接断开 @ http://localhost:8890/ifc/assets/index-DWhn1ql6.js:4264
[  116678ms] [ERROR] WebSocket connection to 'ws://localhost:8080/' failed: Error in connection establishment: net::ERR_CONNECTION_REFUSED @ http://localhost:8890/ifc/assets/index-DWhn1ql6.js:4264
[  116678ms] [ERROR] WebSocket 错误: Event @ http://localhost:8890/ifc/assets/index-DWhn1ql6.js:4264
[  116678ms] [LOG] WebSocket 连接断开 @ http://localhost:8890/ifc/assets/index-DWhn1ql6.js:4264
[  125416ms] [ERROR] WebSocket connection to 'ws://localhost:8080/' failed: Error in connection establishment: net::ERR_CONNECTION_REFUSED @ http://localhost:8890/ifc/assets/index-DWhn1ql6.js:4264
[  125416ms] [ERROR] WebSocket 错误: Event @ http://localhost:8890/ifc/assets/index-DWhn1ql6.js:4264
[  125417ms] [LOG] WebSocket 连接断开 @ http://localhost:8890/ifc/assets/index-DWhn1ql6.js:4264
[  132781ms] [ERROR] WebSocket connection to 'ws://localhost:8080/' failed: Error in connection establishment: net::ERR_CONNECTION_REFUSED @ http://localhost:8890/ifc/assets/index-DWhn1ql6.js:4264
[  132782ms] [ERROR] WebSocket 错误: Event @ http://localhost:8890/ifc/assets/index-DWhn1ql6.js:4264
[  132782ms] [LOG] WebSocket 连接断开 @ http://localhost:8890/ifc/assets/index-DWhn1ql6.js:4264
[  142250ms] [ERROR] WebSocket connection to 'ws://localhost:8080/' failed: Error in connection establishment: net::ERR_CONNECTION_REFUSED @ http://localhost:8890/ifc/assets/index-DWhn1ql6.js:4264
[  142250ms] [ERROR] WebSocket 错误: Event @ http://localhost:8890/ifc/assets/index-DWhn1ql6.js:4264
[  142251ms] [LOG] WebSocket 连接断开 @ http://localhost:8890/ifc/assets/index-DWhn1ql6.js:4264
[  148880ms] [ERROR] WebSocket connection to 'ws://localhost:8080/' failed: Error in connection establishment: net::ERR_CONNECTION_REFUSED @ http://localhost:8890/ifc/assets/index-DWhn1ql6.js:4264
[  148880ms] [ERROR] WebSocket 错误: Event @ http://localhost:8890/ifc/assets/index-DWhn1ql6.js:4264
[  148880ms] [LOG] WebSocket 连接断开 @ http://localhost:8890/ifc/assets/index-DWhn1ql6.js:4264
