[     448ms] [LOG] IFC 查看器已加载，等待上传模型... @ http://localhost:8890/ifc/assets/index-CLs6JOCe.js:4285
[     459ms] [LOG] 检测到 URL 参数 ifcUrl，准备自动加载... @ http://localhost:8890/ifc/assets/index-CLs6JOCe.js:4285
[     460ms] [LOG] 正在从 URL 加载 IFC 模型: /uploads/ifc/1776393486099__________4.13.ifc @ http://localhost:8890/ifc/assets/index-CLs6JOCe.js:4285
[    3176ms] [LOG] IFC 模型加载完成！ @ http://localhost:8890/ifc/assets/index-CLs6JOCe.js:4285
[   10903ms] [ERROR] WebSocket connection to 'ws://localhost:8080/' failed: Error in connection establishment: net::ERR_CONNECTION_REFUSED @ http://localhost:8890/ifc/assets/index-CLs6JOCe.js:4264
[   10903ms] [ERROR] WebSocket 错误: Event @ http://localhost:8890/ifc/assets/index-CLs6JOCe.js:4264
[   10904ms] [LOG] WebSocket 连接断开 @ http://localhost:8890/ifc/assets/index-CLs6JOCe.js:4264
[   16245ms] [ERROR] WebSocket connection to 'ws://localhost:8080/' failed: Error in connection establishment: net::ERR_CONNECTION_REFUSED @ http://localhost:8890/ifc/assets/index-CLs6JOCe.js:4264
[   16246ms] [ERROR] WebSocket 错误: Event @ http://localhost:8890/ifc/assets/index-CLs6JOCe.js:4264
[   16246ms] [LOG] WebSocket 连接断开 @ http://localhost:8890/ifc/assets/index-CLs6JOCe.js:4264
[   21603ms] [ERROR] WebSocket connection to 'ws://localhost:8080/' failed: Error in connection establishment: net::ERR_CONNECTION_REFUSED @ http://localhost:8890/ifc/assets/index-CLs6JOCe.js:4264
[   21603ms] [ERROR] WebSocket 错误: Event @ http://localhost:8890/ifc/assets/index-CLs6JOCe.js:4264
[   21604ms] [LOG] WebSocket 连接断开 @ http://localhost:8890/ifc/assets/index-CLs6JOCe.js:4264
[   26934ms] [ERROR] WebSocket connection to 'ws://localhost:8080/' failed: Error in connection establishment: net::ERR_CONNECTION_REFUSED @ http://localhost:8890/ifc/assets/index-CLs6JOCe.js:4264
[   26934ms] [ERROR] WebSocket 错误: Event @ http://localhost:8890/ifc/assets/index-CLs6JOCe.js:4264
[   26934ms] [LOG] WebSocket 连接断开 @ http://localhost:8890/ifc/assets/index-CLs6JOCe.js:4264
[   32281ms] [ERROR] WebSocket connection to 'ws://localhost:8080/' failed: Error in connection establishment: net::ERR_CONNECTION_REFUSED @ http://localhost:8890/ifc/assets/index-CLs6JOCe.js:4264
[   32281ms] [ERROR] WebSocket 错误: Event @ http://localhost:8890/ifc/assets/index-CLs6JOCe.js:4264
[   32281ms] [LOG] WebSocket 连接断开 @ http://localhost:8890/ifc/assets/index-CLs6JOCe.js:4264
[   37620ms] [ERROR] WebSocket connection to 'ws://localhost:8080/' failed: Error in connection establishment: net::ERR_CONNECTION_REFUSED @ http://localhost:8890/ifc/assets/index-CLs6JOCe.js:4264
[   37620ms] [ERROR] WebSocket 错误: Event @ http://localhost:8890/ifc/assets/index-CLs6JOCe.js:4264
[   37621ms] [LOG] WebSocket 连接断开 @ http://localhost:8890/ifc/assets/index-CLs6JOCe.js:4264
[   42984ms] [ERROR] WebSocket connection to 'ws://localhost:8080/' failed: Error in connection establishment: net::ERR_CONNECTION_REFUSED @ http://localhost:8890/ifc/assets/index-CLs6JOCe.js:4264
[   42984ms] [ERROR] WebSocket 错误: Event @ http://localhost:8890/ifc/assets/index-CLs6JOCe.js:4264
[   42984ms] [LOG] WebSocket 连接断开 @ http://localhost:8890/ifc/assets/index-CLs6JOCe.js:4264
[   48327ms] [ERROR] WebSocket connection to 'ws://localhost:8080/' failed: Error in connection establishment: net::ERR_CONNECTION_REFUSED @ http://localhost:8890/ifc/assets/index-CLs6JOCe.js:4264
[   48327ms] [ERROR] WebSocket 错误: Event @ http://localhost:8890/ifc/assets/index-CLs6JOCe.js:4264
[   48328ms] [LOG] WebSocket 连接断开 @ http://localhost:8890/ifc/assets/index-CLs6JOCe.js:4264
[   53697ms] [ERROR] WebSocket connection to 'ws://localhost:8080/' failed: Error in connection establishment: net::ERR_CONNECTION_REFUSED @ http://localhost:8890/ifc/assets/index-CLs6JOCe.js:4264
[   53697ms] [ERROR] WebSocket 错误: Event @ http://localhost:8890/ifc/assets/index-CLs6JOCe.js:4264
[   53697ms] [LOG] WebSocket 连接断开 @ http://localhost:8890/ifc/assets/index-CLs6JOCe.js:4264
[   59078ms] [ERROR] WebSocket connection to 'ws://localhost:8080/' failed: Error in connection establishment: net::ERR_CONNECTION_REFUSED @ http://localhost:8890/ifc/assets/index-CLs6JOCe.js:4264
[   59079ms] [ERROR] WebSocket 错误: Event @ http://localhost:8890/ifc/assets/index-CLs6JOCe.js:4264
[   59079ms] [LOG] WebSocket 连接断开 @ http://localhost:8890/ifc/assets/index-CLs6JOCe.js:4264
[   64450ms] [ERROR] WebSocket connection to 'ws://localhost:8080/' failed: Error in connection establishment: net::ERR_CONNECTION_REFUSED @ http://localhost:8890/ifc/assets/index-CLs6JOCe.js:4264
[   64450ms] [ERROR] WebSocket 错误: Event @ http://localhost:8890/ifc/assets/index-CLs6JOCe.js:4264
[   64451ms] [LOG] WebSocket 连接断开 @ http://localhost:8890/ifc/assets/index-CLs6JOCe.js:4264
[   69848ms] [ERROR] WebSocket connection to 'ws://localhost:8080/' failed: Error in connection establishment: net::ERR_CONNECTION_REFUSED @ http://localhost:8890/ifc/assets/index-CLs6JOCe.js:4264
[   69848ms] [ERROR] WebSocket 错误: Event @ http://localhost:8890/ifc/assets/index-CLs6JOCe.js:4264
[   69848ms] [LOG] WebSocket 连接断开 @ http://localhost:8890/ifc/assets/index-CLs6JOCe.js:4264
[   75256ms] [ERROR] WebSocket connection to 'ws://localhost:8080/' failed: Error in connection establishment: net::ERR_CONNECTION_REFUSED @ http://localhost:8890/ifc/assets/index-CLs6JOCe.js:4264
[   75256ms] [ERROR] WebSocket 错误: Event @ http://localhost:8890/ifc/assets/index-CLs6JOCe.js:4264
[   75256ms] [LOG] WebSocket 连接断开 @ http://localhost:8890/ifc/assets/index-CLs6JOCe.js:4264
[   80775ms] [ERROR] WebSocket connection to 'ws://localhost:8080/' failed: Error in connection establishment: net::ERR_CONNECTION_REFUSED @ http://localhost:8890/ifc/assets/index-CLs6JOCe.js:4264
[   80775ms] [ERROR] WebSocket 错误: Event @ http://localhost:8890/ifc/assets/index-CLs6JOCe.js:4264
[   80775ms] [LOG] WebSocket 连接断开 @ http://localhost:8890/ifc/assets/index-CLs6JOCe.js:4264
[   86708ms] [ERROR] WebSocket connection to 'ws://localhost:8080/' failed: Error in connection establishment: net::ERR_CONNECTION_REFUSED @ http://localhost:8890/ifc/assets/index-CLs6JOCe.js:4264
[   86708ms] [ERROR] WebSocket 错误: Event @ http://localhost:8890/ifc/assets/index-CLs6JOCe.js:4264
[   86708ms] [LOG] WebSocket 连接断开 @ http://localhost:8890/ifc/assets/index-CLs6JOCe.js:4264
[   92848ms] [ERROR] WebSocket connection to 'ws://localhost:8080/' failed: Error in connection establishment: net::ERR_CONNECTION_REFUSED @ http://localhost:8890/ifc/assets/index-CLs6JOCe.js:4264
[   92848ms] [ERROR] WebSocket 错误: Event @ http://localhost:8890/ifc/assets/index-CLs6JOCe.js:4264
[   92849ms] [LOG] WebSocket 连接断开 @ http://localhost:8890/ifc/assets/index-CLs6JOCe.js:4264
[  100574ms] [ERROR] WebSocket connection to 'ws://localhost:8080/' failed: Error in connection establishment: net::ERR_CONNECTION_REFUSED @ http://localhost:8890/ifc/assets/index-CLs6JOCe.js:4264
[  100574ms] [ERROR] WebSocket 错误: Event @ http://localhost:8890/ifc/assets/index-CLs6JOCe.js:4264
[  100575ms] [LOG] WebSocket 连接断开 @ http://localhost:8890/ifc/assets/index-CLs6JOCe.js:4264
[  108476ms] [ERROR] WebSocket connection to 'ws://localhost:8080/' failed: Error in connection establishment: net::ERR_CONNECTION_REFUSED @ http://localhost:8890/ifc/assets/index-CLs6JOCe.js:4264
[  108476ms] [ERROR] WebSocket 错误: Event @ http://localhost:8890/ifc/assets/index-CLs6JOCe.js:4264
[  108476ms] [LOG] WebSocket 连接断开 @ http://localhost:8890/ifc/assets/index-CLs6JOCe.js:4264
[  117302ms] [ERROR] WebSocket connection to 'ws://localhost:8080/' failed: Error in connection establishment: net::ERR_CONNECTION_REFUSED @ http://localhost:8890/ifc/assets/index-CLs6JOCe.js:4264
[  117302ms] [ERROR] WebSocket 错误: Event @ http://localhost:8890/ifc/assets/index-CLs6JOCe.js:4264
[  117302ms] [LOG] WebSocket 连接断开 @ http://localhost:8890/ifc/assets/index-CLs6JOCe.js:4264
